
> reclamtrack-frontend@1.0.0 type-check
> tsc --noEmit

src/app/[locale]/(app)/complaints/list/page.tsx(129,88): error TS2339: Property 'applicantName' does not exist on type 'Complaint'.
src/app/[locale]/(app)/complaints/list/page.tsx(130,60): error TS2339: Property 'nature' does not exist on type 'Complaint'.
src/app/[locale]/(app)/fleet/page.tsx(9,31): error TS2307: Cannot find module '@/components/ErrorBoundary' or its corresponding type declarations.
src/app/[locale]/(app)/teams/page.tsx(57,55): error TS2339: Property 'members' does not exist on type 'Team'.
src/app/[locale]/(app)/teams/page.tsx(58,107): error TS2339: Property 'createdAt' does not exist on type 'Team'.
src/components/complaints/CreateComplaintWizard.tsx(39,5): error TS2304: Cannot find name 'useEffect'.
src/components/forms/FileUpload.tsx(95,56): error TS2345: Argument of type 'File | undefined' is not assignable to parameter of type 'File'.
  Type 'undefined' is not assignable to type 'File'.
src/components/NdviMap.tsx(38,20): error TS2307: Cannot find module 'leaflet/dist/leaflet.css' or its corresponding type declarations.
src/hooks/useComplaintForm.ts(157,36): error TS7006: Parameter 'progressEvent' implicitly has an 'any' type.
src/hooks/useFleetData.ts(79,5): error TS2322: Type 'KeyedMutator<FleetData>' is not assignable to type '() => Promise<void>'.
  Type 'Promise<void | FleetData | undefined>' is not assignable to type 'Promise<void>'.
    Type 'void | FleetData | undefined' is not assignable to type 'void'.
      Type 'FleetData' is not assignable to type 'void'.
node.exe : npm error Lifecycle script `type-check` 
failed with error:
Au caractère Ligne:1 : 1
+ & "C:\Program Files\nodejs/node.exe" "C:\Program 
Files\nodejs/node_mo ...
+ ~~~~~~~~~~~~~~~~~~~~~~~~~~~~~~~~~~~~~~~~~~~~~~~~~
~~~~~~~~~~~~~~~~~~~~
    + CategoryInfo          : NotSpecified: (npm e 
   rror Lifec...led with error::String) [], Remot  
  eException
    + FullyQualifiedErrorId : NativeCommandError
 
npm error code 1
npm error path C:\Users\pc gold\projet 
dash\herbute\frontend
npm error workspace reclamtrack-frontend@1.0.0
npm error location C:\Users\pc gold\projet 
dash\herbute\frontend
npm error command failed
npm error command cmd.exe /d /s /c tsc --noEmit
